{"completed_run_count":1,"planned_run_count":120,"run_key":"citadel-short-executor-proof/always-frontier/1","outcome":"passed","verified":true,"attempts":1}
{"completed_run_count":2,"planned_run_count":120,"run_key":"citadel-short-executor-proof/always-frontier/2","outcome":"passed","verified":true,"attempts":1}
{"completed_run_count":3,"planned_run_count":120,"run_key":"citadel-short-executor-proof/always-frontier/3","outcome":"passed","verified":true,"attempts":1}
{"completed_run_count":4,"planned_run_count":120,"run_key":"citadel-short-executor-proof/always-cheap/1","outcome":"failed","verified":false,"attempts":1}
{"completed_run_count":5,"planned_run_count":120,"run_key":"citadel-short-executor-proof/always-cheap/2","outcome":"failed","verified":false,"attempts":1}
{"completed_run_count":6,"planned_run_count":120,"run_key":"citadel-short-executor-proof/always-cheap/3","outcome":"failed","verified":false,"attempts":1}
{"completed_run_count":7,"planned_run_count":120,"run_key":"citadel-short-executor-proof/prompt-only/1","outcome":"passed","verified":true,"attempts":1}
{"completed_run_count":8,"planned_run_count":120,"run_key":"citadel-short-executor-proof/prompt-only/2","outcome":"passed","verified":true,"attempts":1}
{"completed_run_count":9,"planned_run_count":120,"run_key":"citadel-short-executor-proof/prompt-only/3","outcome":"passed","verified":true,"attempts":1}
{"completed_run_count":10,"planned_run_count":120,"run_key":"citadel-short-executor-proof/adaptive/1","outcome":"passed","verified":true,"attempts":1}
{"completed_run_count":11,"planned_run_count":120,"run_key":"citadel-short-executor-proof/adaptive/2","outcome":"passed","verified":true,"attempts":1}
{"completed_run_count":12,"planned_run_count":120,"run_key":"citadel-short-executor-proof/adaptive/3","outcome":"passed","verified":true,"attempts":1}
{"completed_run_count":13,"planned_run_count":120,"run_key":"p-limit-short-clear-queue/always-frontier/1","outcome":"failed","verified":false,"attempts":1}
{"completed_run_count":14,"planned_run_count":120,"run_key":"p-limit-short-clear-queue/always-frontier/2","outcome":"failed","verified":false,"attempts":1}
{"completed_run_count":15,"planned_run_count":120,"run_key":"p-limit-short-clear-queue/always-frontier/3","outcome":"failed","verified":false,"attempts":1}
{"completed_run_count":16,"planned_run_count":120,"run_key":"p-limit-short-clear-queue/always-cheap/1","outcome":"failed","verified":false,"attempts":1}
{"completed_run_count":17,"planned_run_count":120,"run_key":"p-limit-short-clear-queue/always-cheap/2","outcome":"failed","verified":false,"attempts":1}
{"completed_run_count":18,"planned_run_count":120,"run_key":"p-limit-short-clear-queue/always-cheap/3","outcome":"failed","verified":false,"attempts":1}
{"completed_run_count":19,"planned_run_count":120,"run_key":"p-limit-short-clear-queue/prompt-only/1","outcome":"failed","verified":false,"attempts":1}
{"completed_run_count":20,"planned_run_count":120,"run_key":"p-limit-short-clear-queue/prompt-only/2","outcome":"failed","verified":false,"attempts":1}
{"completed_run_count":21,"planned_run_count":120,"run_key":"p-limit-short-clear-queue/prompt-only/3","outcome":"failed","verified":false,"attempts":1}
{"completed_run_count":22,"planned_run_count":120,"run_key":"p-limit-short-clear-queue/adaptive/1","outcome":"failed","verified":false,"attempts":2}
{"completed_run_count":23,"planned_run_count":120,"run_key":"p-limit-short-clear-queue/adaptive/2","outcome":"failed","verified":false,"attempts":2}
{"completed_run_count":24,"planned_run_count":120,"run_key":"p-limit-short-clear-queue/adaptive/3","outcome":"failed","verified":false,"attempts":2}
{"completed_run_count":25,"planned_run_count":120,"run_key":"nanoid-size-consistency/always-frontier/1","outcome":"unknown","verified":false,"attempts":1}
{"completed_run_count":26,"planned_run_count":120,"run_key":"nanoid-size-consistency/always-frontier/2","outcome":"unknown","verified":false,"attempts":1}
{"completed_run_count":27,"planned_run_count":120,"run_key":"nanoid-size-consistency/always-frontier/3","outcome":"unknown","verified":false,"attempts":1}
{"completed_run_count":28,"planned_run_count":120,"run_key":"nanoid-size-consistency/always-cheap/1","outcome":"unknown","verified":false,"attempts":1}
{"completed_run_count":29,"planned_run_count":120,"run_key":"nanoid-size-consistency/always-cheap/2","outcome":"unknown","verified":false,"attempts":1}
{"completed_run_count":30,"planned_run_count":120,"run_key":"nanoid-size-consistency/always-cheap/3","outcome":"unknown","verified":false,"attempts":1}
{"completed_run_count":31,"planned_run_count":120,"run_key":"nanoid-size-consistency/prompt-only/1","outcome":"unknown","verified":false,"attempts":1}
{"completed_run_count":32,"planned_run_count":120,"run_key":"nanoid-size-consistency/prompt-only/2","outcome":"unknown","verified":false,"attempts":1}
{"completed_run_count":33,"planned_run_count":120,"run_key":"nanoid-size-consistency/prompt-only/3","outcome":"unknown","verified":false,"attempts":1}
{"completed_run_count":34,"planned_run_count":120,"run_key":"nanoid-size-consistency/adaptive/1","outcome":"unknown","verified":false,"attempts":1}
{"completed_run_count":35,"planned_run_count":120,"run_key":"nanoid-size-consistency/adaptive/2","outcome":"unknown","verified":false,"attempts":1}
{"completed_run_count":36,"planned_run_count":120,"run_key":"nanoid-size-consistency/adaptive/3","outcome":"unknown","verified":false,"attempts":1}
{"completed_run_count":37,"planned_run_count":120,"run_key":"citadel-long-cost-provenance/always-frontier/1","outcome":"passed","verified":true,"attempts":1}
{"completed_run_count":38,"planned_run_count":120,"run_key":"citadel-long-cost-provenance/always-frontier/2","outcome":"passed","verified":true,"attempts":1}
{"completed_run_count":39,"planned_run_count":120,"run_key":"citadel-long-cost-provenance/always-frontier/3","outcome":"passed","verified":true,"attempts":1}
{"completed_run_count":40,"planned_run_count":120,"run_key":"citadel-long-cost-provenance/always-cheap/1","outcome":"failed","verified":false,"attempts":1}
{"completed_run_count":41,"planned_run_count":120,"run_key":"citadel-long-cost-provenance/always-cheap/2","outcome":"failed","verified":false,"attempts":1}
{"completed_run_count":42,"planned_run_count":120,"run_key":"citadel-long-cost-provenance/always-cheap/3","outcome":"failed","verified":false,"attempts":1}
{"completed_run_count":43,"planned_run_count":120,"run_key":"citadel-long-cost-provenance/prompt-only/1","outcome":"passed","verified":true,"attempts":1}
{"completed_run_count":44,"planned_run_count":120,"run_key":"citadel-long-cost-provenance/prompt-only/2","outcome":"failed","verified":false,"attempts":1}
{"completed_run_count":45,"planned_run_count":120,"run_key":"citadel-long-cost-provenance/prompt-only/3","outcome":"passed","verified":true,"attempts":1}
{"completed_run_count":46,"planned_run_count":120,"run_key":"citadel-long-cost-provenance/adaptive/1","outcome":"passed","verified":true,"attempts":1}
{"completed_run_count":47,"planned_run_count":120,"run_key":"citadel-long-cost-provenance/adaptive/2","outcome":"passed","verified":true,"attempts":1}
{"completed_run_count":48,"planned_run_count":120,"run_key":"citadel-long-cost-provenance/adaptive/3","outcome":"passed","verified":true,"attempts":1}
{"completed_run_count":49,"planned_run_count":120,"run_key":"p-limit-context-cancel/always-frontier/1","outcome":"failed","verified":false,"attempts":1}
{"completed_run_count":50,"planned_run_count":120,"run_key":"p-limit-context-cancel/always-frontier/2","outcome":"failed","verified":false,"attempts":1}
{"completed_run_count":51,"planned_run_count":120,"run_key":"p-limit-context-cancel/always-frontier/3","outcome":"failed","verified":false,"attempts":1}
{"completed_run_count":52,"planned_run_count":120,"run_key":"p-limit-context-cancel/always-cheap/1","outcome":"failed","verified":false,"attempts":1}
{"completed_run_count":53,"planned_run_count":120,"run_key":"p-limit-context-cancel/always-cheap/2","outcome":"failed","verified":false,"attempts":1}
{"completed_run_count":54,"planned_run_count":120,"run_key":"p-limit-context-cancel/always-cheap/3","outcome":"failed","verified":false,"attempts":1}
{"completed_run_count":55,"planned_run_count":120,"run_key":"p-limit-context-cancel/prompt-only/1","outcome":"failed","verified":false,"attempts":1}
{"completed_run_count":56,"planned_run_count":120,"run_key":"p-limit-context-cancel/prompt-only/2","outcome":"failed","verified":false,"attempts":1}
{"completed_run_count":57,"planned_run_count":120,"run_key":"p-limit-context-cancel/prompt-only/3","outcome":"failed","verified":false,"attempts":1}
{"completed_run_count":58,"planned_run_count":120,"run_key":"p-limit-context-cancel/adaptive/1","outcome":"failed","verified":false,"attempts":1}
{"completed_run_count":59,"planned_run_count":120,"run_key":"p-limit-context-cancel/adaptive/2","outcome":"failed","verified":false,"attempts":1}
{"completed_run_count":60,"planned_run_count":120,"run_key":"p-limit-context-cancel/adaptive/3","outcome":"failed","verified":false,"attempts":1}
{"completed_run_count":61,"planned_run_count":120,"run_key":"citadel-context-receipt-recovery/always-frontier/1","outcome":"failed","verified":false,"attempts":1}
{"completed_run_count":62,"planned_run_count":120,"run_key":"citadel-context-receipt-recovery/always-frontier/2","outcome":"failed","verified":false,"attempts":1}
{"completed_run_count":63,"planned_run_count":120,"run_key":"citadel-context-receipt-recovery/always-frontier/3","outcome":"failed","verified":false,"attempts":1}
{"completed_run_count":64,"planned_run_count":120,"run_key":"citadel-context-receipt-recovery/always-cheap/1","outcome":"failed","verified":false,"attempts":1}
{"completed_run_count":65,"planned_run_count":120,"run_key":"citadel-context-receipt-recovery/always-cheap/2","outcome":"failed","verified":false,"attempts":1}
{"completed_run_count":66,"planned_run_count":120,"run_key":"citadel-context-receipt-recovery/always-cheap/3","outcome":"failed","verified":false,"attempts":1}
{"completed_run_count":67,"planned_run_count":120,"run_key":"citadel-context-receipt-recovery/prompt-only/1","outcome":"failed","verified":false,"attempts":1}
{"completed_run_count":68,"planned_run_count":120,"run_key":"citadel-context-receipt-recovery/prompt-only/2","outcome":"failed","verified":false,"attempts":1}
{"completed_run_count":69,"planned_run_count":120,"run_key":"citadel-context-receipt-recovery/prompt-only/3","outcome":"failed","verified":false,"attempts":1}
{"completed_run_count":70,"planned_run_count":120,"run_key":"citadel-context-receipt-recovery/adaptive/1","outcome":"failed","verified":false,"attempts":1}
{"completed_run_count":71,"planned_run_count":120,"run_key":"citadel-context-receipt-recovery/adaptive/2","outcome":"failed","verified":false,"attempts":1}
{"completed_run_count":72,"planned_run_count":120,"run_key":"citadel-context-receipt-recovery/adaptive/3","outcome":"failed","verified":false,"attempts":1}
{"completed_run_count":73,"planned_run_count":120,"run_key":"nanoid-parallel-runtime-audit/always-frontier/1","outcome":"unknown","verified":false,"attempts":1}
{"completed_run_count":74,"planned_run_count":120,"run_key":"nanoid-parallel-runtime-audit/always-frontier/2","outcome":"unknown","verified":false,"attempts":1}
{"completed_run_count":75,"planned_run_count":120,"run_key":"nanoid-parallel-runtime-audit/always-frontier/3","outcome":"unknown","verified":false,"attempts":1}
{"completed_run_count":76,"planned_run_count":120,"run_key":"nanoid-parallel-runtime-audit/always-cheap/1","outcome":"unknown","verified":false,"attempts":1}
{"completed_run_count":77,"planned_run_count":120,"run_key":"nanoid-parallel-runtime-audit/always-cheap/2","outcome":"unknown","verified":false,"attempts":1}
{"completed_run_count":78,"planned_run_count":120,"run_key":"nanoid-parallel-runtime-audit/always-cheap/3","outcome":"unknown","verified":false,"attempts":1}
{"completed_run_count":79,"planned_run_count":120,"run_key":"nanoid-parallel-runtime-audit/prompt-only/1","outcome":"unknown","verified":false,"attempts":1}
{"completed_run_count":80,"planned_run_count":120,"run_key":"nanoid-parallel-runtime-audit/prompt-only/2","outcome":"unknown","verified":false,"attempts":1}
{"completed_run_count":81,"planned_run_count":120,"run_key":"nanoid-parallel-runtime-audit/prompt-only/3","outcome":"unknown","verified":false,"attempts":1}
{"completed_run_count":82,"planned_run_count":120,"run_key":"nanoid-parallel-runtime-audit/adaptive/1","outcome":"unknown","verified":false,"attempts":1}
{"completed_run_count":83,"planned_run_count":120,"run_key":"nanoid-parallel-runtime-audit/adaptive/2","outcome":"unknown","verified":false,"attempts":1}
{"completed_run_count":84,"planned_run_count":120,"run_key":"nanoid-parallel-runtime-audit/adaptive/3","outcome":"unknown","verified":false,"attempts":1}
{"completed_run_count":85,"planned_run_count":120,"run_key":"citadel-safety-model-proof/always-frontier/1","outcome":"passed","verified":true,"attempts":1}
{"completed_run_count":86,"planned_run_count":120,"run_key":"citadel-safety-model-proof/always-frontier/2","outcome":"passed","verified":true,"attempts":1}
{"completed_run_count":87,"planned_run_count":120,"run_key":"citadel-safety-model-proof/always-frontier/3","outcome":"failed","verified":false,"attempts":1}
{"completed_run_count":88,"planned_run_count":120,"run_key":"citadel-safety-model-proof/always-cheap/1","outcome":"failed","verified":false,"attempts":1}
{"completed_run_count":89,"planned_run_count":120,"run_key":"citadel-safety-model-proof/always-cheap/2","outcome":"failed","verified":false,"attempts":1}
{"completed_run_count":90,"planned_run_count":120,"run_key":"citadel-safety-model-proof/always-cheap/3","outcome":"failed","verified":false,"attempts":1}
{"completed_run_count":91,"planned_run_count":120,"run_key":"citadel-safety-model-proof/prompt-only/1","outcome":"passed","verified":true,"attempts":1}
{"completed_run_count":92,"planned_run_count":120,"run_key":"citadel-safety-model-proof/prompt-only/2","outcome":"passed","verified":true,"attempts":1}
{"completed_run_count":93,"planned_run_count":120,"run_key":"citadel-safety-model-proof/prompt-only/3","outcome":"passed","verified":true,"attempts":1}
{"completed_run_count":94,"planned_run_count":120,"run_key":"citadel-safety-model-proof/adaptive/1","outcome":"passed","verified":true,"attempts":1}
{"completed_run_count":95,"planned_run_count":120,"run_key":"citadel-safety-model-proof/adaptive/2","outcome":"passed","verified":true,"attempts":1}
{"completed_run_count":96,"planned_run_count":120,"run_key":"citadel-safety-model-proof/adaptive/3","outcome":"passed","verified":true,"attempts":1}
{"completed_run_count":97,"planned_run_count":120,"run_key":"nanoid-safety-random-boundary/always-frontier/1","outcome":"unknown","verified":false,"attempts":1}
{"completed_run_count":98,"planned_run_count":120,"run_key":"nanoid-safety-random-boundary/always-frontier/2","outcome":"unknown","verified":false,"attempts":1}
{"completed_run_count":99,"planned_run_count":120,"run_key":"nanoid-safety-random-boundary/always-frontier/3","outcome":"unknown","verified":false,"attempts":1}
{"completed_run_count":100,"planned_run_count":120,"run_key":"nanoid-safety-random-boundary/always-cheap/1","outcome":"unknown","verified":false,"attempts":1}
{"completed_run_count":101,"planned_run_count":120,"run_key":"nanoid-safety-random-boundary/always-cheap/2","outcome":"unknown","verified":false,"attempts":1}
{"completed_run_count":102,"planned_run_count":120,"run_key":"nanoid-safety-random-boundary/always-cheap/3","outcome":"unknown","verified":false,"attempts":1}
{"completed_run_count":103,"planned_run_count":120,"run_key":"nanoid-safety-random-boundary/prompt-only/1","outcome":"unknown","verified":false,"attempts":1}
{"completed_run_count":104,"planned_run_count":120,"run_key":"nanoid-safety-random-boundary/prompt-only/2","outcome":"unknown","verified":false,"attempts":1}
{"completed_run_count":105,"planned_run_count":120,"run_key":"nanoid-safety-random-boundary/prompt-only/3","outcome":"unknown","verified":false,"attempts":1}
{"completed_run_count":106,"planned_run_count":120,"run_key":"nanoid-safety-random-boundary/adaptive/1","outcome":"unknown","verified":false,"attempts":1}
{"completed_run_count":107,"planned_run_count":120,"run_key":"nanoid-safety-random-boundary/adaptive/2","outcome":"unknown","verified":false,"attempts":1}
{"completed_run_count":108,"planned_run_count":120,"run_key":"nanoid-safety-random-boundary/adaptive/3","outcome":"unknown","verified":false,"attempts":1}
{"completed_run_count":109,"planned_run_count":120,"run_key":"p-limit-cleanup-pending/always-frontier/1","outcome":"passed","verified":true,"attempts":1}
{"completed_run_count":110,"planned_run_count":120,"run_key":"p-limit-cleanup-pending/always-frontier/2","outcome":"passed","verified":true,"attempts":1}
{"completed_run_count":111,"planned_run_count":120,"run_key":"p-limit-cleanup-pending/always-frontier/3","outcome":"passed","verified":true,"attempts":1}
{"completed_run_count":112,"planned_run_count":120,"run_key":"p-limit-cleanup-pending/always-cheap/1","outcome":"failed","verified":false,"attempts":1}
{"completed_run_count":113,"planned_run_count":120,"run_key":"p-limit-cleanup-pending/always-cheap/2","outcome":"failed","verified":false,"attempts":1}
{"completed_run_count":114,"planned_run_count":120,"run_key":"p-limit-cleanup-pending/always-cheap/3","outcome":"failed","verified":false,"attempts":1}
{"completed_run_count":115,"planned_run_count":120,"run_key":"p-limit-cleanup-pending/prompt-only/1","outcome":"passed","verified":true,"attempts":1}
{"completed_run_count":116,"planned_run_count":120,"run_key":"p-limit-cleanup-pending/prompt-only/2","outcome":"failed","verified":false,"attempts":1}
{"completed_run_count":117,"planned_run_count":120,"run_key":"p-limit-cleanup-pending/prompt-only/3","outcome":"passed","verified":true,"attempts":1}
{"completed_run_count":118,"planned_run_count":120,"run_key":"p-limit-cleanup-pending/adaptive/1","outcome":"passed","verified":true,"attempts":1}
{"completed_run_count":119,"planned_run_count":120,"run_key":"p-limit-cleanup-pending/adaptive/2","outcome":"passed","verified":true,"attempts":1}
{"completed_run_count":120,"planned_run_count":120,"run_key":"p-limit-cleanup-pending/adaptive/3","outcome":"passed","verified":true,"attempts":1}
